// Vitest Snapshot v1, https://vitest.dev/guide/snapshot.html

exports[`UMD bundle > is unchanged 1`] = `
"(function(global, factory) {
	typeof exports === "object" && typeof module !== "undefined" ? factory(exports) : typeof define === "function" && define.amd ? define(["exports"], factory) : (global = typeof globalThis !== "undefined" ? globalThis : global || self, factory(global["Re-reselect"] = {}));
})(this, function(exports) {
	Object.defineProperty(exports, Symbol.toStringTag, { value: "Module" });
	//#region src/cache/util/isStringOrNumber.ts
	function isStringOrNumber(value) {
		return typeof value === "string" || typeof value === "number";
	}
	//#endregion
	//#region src/cache/FlatObjectCache.ts
	var FlatObjectCache = class {
		constructor() {
			this._cache = {};
		}
		set(key, selectorFn) {
			this._cache[key] = selectorFn;
		}
		get(key) {
			return this._cache[key];
		}
		remove(key) {
			delete this._cache[key];
		}
		clear() {
			this._cache = {};
		}
		isValidCacheKey(cacheKey) {
			return isStringOrNumber(cacheKey);
		}
	};
	//#endregion
	//#region src/createCachedSelector.ts
	const defaultCacheKeyValidator = () => true;
	function parseReselectArgs(reselectArgs) {
		const args = [...reselectArgs];
		const lastArgument = args[args.length - 1];
		let resultFunc;
		let createSelectorOptions = void 0;
		if (typeof lastArgument === "function") resultFunc = args.pop();
		else {
			createSelectorOptions = args.pop();
			resultFunc = args.pop();
		}
		return {
			inputSelectors: Array.isArray(args[0]) ? args[0] : [...args],
			resultFunc,
			createSelectorOptions
		};
	}
	const createCachedSelector = ((...reselectArgs) => {
		const { inputSelectors, resultFunc, createSelectorOptions } = parseReselectArgs(reselectArgs);
		return (polymorphicOptions) => {
			const options = typeof polymorphicOptions === "function" ? { keySelector: polymorphicOptions } : { ...polymorphicOptions };
			let recomputations = 0;
			const resultFuncWithRecomputations = (...args) => {
				recomputations++;
				return resultFunc(...args);
			};
			const patchedReselectArgs = [inputSelectors, resultFuncWithRecomputations];
			if (createSelectorOptions) patchedReselectArgs.push(createSelectorOptions);
			const cache = options.cacheObject || new FlatObjectCache();
			const selectorCreator = options.selectorCreator || reselect.createSelector;
			const isValidCacheKey = cache.isValidCacheKey || defaultCacheKeyValidator;
			if (options.keySelectorCreator) options.keySelector = options.keySelectorCreator({
				keySelector: options.keySelector,
				inputSelectors,
				resultFunc
			});
			const selector = function(...args) {
				const cacheKey = options.keySelector(...args);
				if (isValidCacheKey(cacheKey)) {
					let cacheResponse = cache.get(cacheKey);
					if (cacheResponse === void 0) {
						cacheResponse = selectorCreator(...patchedReselectArgs);
						cache.set(cacheKey, cacheResponse);
					}
					return cacheResponse(...args);
				}
				console.warn(\`[re-reselect] Invalid cache key "\${String(cacheKey)}" has been returned by keySelector function.\`);
			};
			selector.getMatchingSelector = (...args) => {
				const cacheKey = options.keySelector(...args);
				return cache.get(cacheKey);
			};
			selector.removeMatchingSelector = (...args) => {
				const cacheKey = options.keySelector(...args);
				cache.remove(cacheKey);
			};
			selector.clearCache = () => {
				cache.clear();
			};
			selector.resultFunc = resultFunc;
			selector.dependencies = inputSelectors;
			selector.cache = cache;
			selector.recomputations = () => recomputations;
			selector.resetRecomputations = () => recomputations = 0;
			selector.keySelector = options.keySelector;
			return selector;
		};
	});
	//#endregion
	//#region src/createStructuredCachedSelector.ts
	function createStructuredCachedSelector(selectors) {
		return (0, reselect.createStructuredSelector)(selectors, createCachedSelector);
	}
	//#endregion
	//#region src/cache/util/validateCacheSize.ts
	function validateCacheSize(cacheSize) {
		if (cacheSize === void 0) throw new Error("Missing the required property \\"cacheSize\\".");
		if (!Number.isInteger(cacheSize) || cacheSize <= 0) throw new Error("The \\"cacheSize\\" property must be a positive integer value.");
	}
	//#endregion
	//#region src/cache/FifoObjectCache.ts
	var FifoObjectCache = class {
		constructor(options) {
			this._cache = {};
			this._cacheOrdering = [];
			const { cacheSize } = options ?? {};
			validateCacheSize(cacheSize);
			this._cacheSize = cacheSize;
		}
		set(key, selectorFn) {
			this._cache[key] = selectorFn;
			this._cacheOrdering.push(key);
			if (this._cacheOrdering.length > this._cacheSize) {
				const earliest = this._cacheOrdering[0];
				this.remove(earliest);
			}
		}
		get(key) {
			return this._cache[key];
		}
		remove(key) {
			const index = this._cacheOrdering.indexOf(key);
			if (index > -1) this._cacheOrdering.splice(index, 1);
			delete this._cache[key];
		}
		clear() {
			this._cache = {};
			this._cacheOrdering = [];
		}
		isValidCacheKey(cacheKey) {
			return isStringOrNumber(cacheKey);
		}
	};
	//#endregion
	//#region src/cache/LruObjectCache.ts
	var LruObjectCache = class {
		constructor(options) {
			this._cache = {};
			this._cacheOrdering = [];
			const { cacheSize } = options ?? {};
			validateCacheSize(cacheSize);
			this._cacheSize = cacheSize;
		}
		set(key, selectorFn) {
			this._cache[key] = selectorFn;
			this._registerCacheHit(key);
			if (this._cacheOrdering.length > this._cacheSize) {
				const earliest = this._cacheOrdering[0];
				this.remove(earliest);
			}
		}
		get(key) {
			this._registerCacheHit(key);
			return this._cache[key];
		}
		remove(key) {
			this._deleteCacheHit(key);
			delete this._cache[key];
		}
		clear() {
			this._cache = {};
			this._cacheOrdering = [];
		}
		isValidCacheKey(cacheKey) {
			return isStringOrNumber(cacheKey);
		}
		_registerCacheHit(key) {
			this._deleteCacheHit(key);
			this._cacheOrdering.push(key);
		}
		_deleteCacheHit(key) {
			const index = this._cacheOrdering.indexOf(key);
			if (index > -1) this._cacheOrdering.splice(index, 1);
		}
	};
	//#endregion
	//#region src/cache/FlatMapCache.ts
	var FlatMapCache = class {
		constructor() {
			this._cache = /* @__PURE__ */ new Map();
		}
		set(key, selectorFn) {
			this._cache.set(key, selectorFn);
		}
		get(key) {
			return this._cache.get(key);
		}
		remove(key) {
			this._cache.delete(key);
		}
		clear() {
			this._cache.clear();
		}
	};
	//#endregion
	//#region src/cache/FifoMapCache.ts
	var FifoMapCache = class {
		constructor(options) {
			this._cache = /* @__PURE__ */ new Map();
			const { cacheSize } = options ?? {};
			validateCacheSize(cacheSize);
			this._cacheSize = cacheSize;
		}
		set(key, selectorFn) {
			this._cache.set(key, selectorFn);
			if (this._cache.size > this._cacheSize) {
				const earliest = this._cache.keys().next().value;
				this.remove(earliest);
			}
		}
		get(key) {
			return this._cache.get(key);
		}
		remove(key) {
			this._cache.delete(key);
		}
		clear() {
			this._cache.clear();
		}
	};
	//#endregion
	//#region src/cache/LruMapCache.ts
	var LruMapCache = class {
		constructor(options) {
			this._cache = /* @__PURE__ */ new Map();
			const { cacheSize } = options ?? {};
			validateCacheSize(cacheSize);
			this._cacheSize = cacheSize;
		}
		set(key, selectorFn) {
			this._cache.set(key, selectorFn);
			if (this._cache.size > this._cacheSize) {
				const earliest = this._cache.keys().next().value;
				this.remove(earliest);
			}
		}
		get(key) {
			const value = this._cache.get(key);
			if (this._cache.has(key)) {
				this.remove(key);
				this._cache.set(key, value);
			}
			return value;
		}
		remove(key) {
			this._cache.delete(key);
		}
		clear() {
			this._cache.clear();
		}
	};
	//#endregion
	exports.FifoMapCache = FifoMapCache;
	exports.FifoObjectCache = FifoObjectCache;
	exports.FlatMapCache = FlatMapCache;
	exports.FlatObjectCache = FlatObjectCache;
	exports.LruMapCache = LruMapCache;
	exports.LruObjectCache = LruObjectCache;
	exports.createCachedSelector = createCachedSelector;
	exports.createStructuredCachedSelector = createStructuredCachedSelector;
});

//# sourceMappingURL=index.umd.js.map"
`;
